1.1186889357310104e+00
1.1186889357310104e+00
8.9390354017092988e-01
