2.5000000000000000e-01
2.0000000000000001e-01
1.6666666666666666e-01
5.0000000000000000e+00
6.0000000000000000e+00
