Base not in range?:  1
Base not in range?:  1
Base not in range?:  1
Base not in range?:  1
Base not in range?:  1
Base not in range?:  1
NOT_SET
NOT_SET
NOT_SET
EXACT
GREATER
EXACT
