1.2247448713915889e+00
2.0000000000000000e+00
8.1649658092772603e-01
