 2
 0
 0
 9223372036854775807
 9223372036854775807
