Sum is 2.7182818284590452353602874713526624977572470936999595749669131e0

