R1=RNDN approx=1.1001001000011111101101010100010001000010110100011000e1
R2=RNDN OK=TRUE   1.1001001000011111101101010100010001000010110100011e1
R2=RNDZ OK=FALSE
R2=RNDU OK=FALSE
R2=RNDD OK=FALSE
R1=RNDZ approx=1.1001001000011111101101010100010001000010110100011000e1
R2=RNDN OK=TRUE   1.1001001000011111101101010100010001000010110100011e1
R2=RNDZ OK=TRUE   1.1001001000011111101101010100010001000010110100011e1
R2=RNDU OK=FALSE
R2=RNDD OK=TRUE   1.1001001000011111101101010100010001000010110100011e1
R1=RNDU approx=1.1001001000011111101101010100010001000010110100011001e1
R2=RNDN OK=TRUE   1.1001001000011111101101010100010001000010110100011e1
R2=RNDZ OK=TRUE   1.1001001000011111101101010100010001000010110100011e1
R2=RNDU OK=FALSE
R2=RNDD OK=TRUE   1.1001001000011111101101010100010001000010110100011e1
R1=RNDD approx=1.1001001000011111101101010100010001000010110100011000e1
R2=RNDN OK=TRUE   1.1001001000011111101101010100010001000010110100011e1
R2=RNDZ OK=TRUE   1.1001001000011111101101010100010001000010110100011e1
R2=RNDU OK=FALSE
R2=RNDD OK=TRUE   1.1001001000011111101101010100010001000010110100011e1

