-3.0000000000000000e+00
-4.0000000000000000e+00
-5.0000000000000000e+00
4.0000000000000000e+00
5.0000000000000000e+00
