5.0000000000000000e+00
6.0000000000000000e+00
7.0000000000000000e+00
