9.1596559417721901e-01
9.1596559417721901e-01
0.11101010011111001011100010011111010000001001101011101E0
5.7721566490153287e-01
5.7721566490153287e-01
0.10010011110001000110011111100011011111011011000011001E0
6.9314718055994529e-01
6.9314718055994529e-01
0.10110001011100100001011111110111110100011100111101111E0
6.9314718055994529e-1