6.0000000000000000e+00
7.5000000000000000e+00
9.0000000000000000e+00
3.8400000000000000e+02
