GREATER
LESS
EQUAL
GREATER
LESS
EQUAL
LESS
GREATER
LESS
GREATER
LESS
LESS
LESS
EQUAL
EQUAL
EQUAL
