5.7200000000000006e+00
-8.7999999999999945e-01
1.6940000000000001e+01
-1.2100000000000000e+01
